// Jest Snapshot v1, https://goo.gl/fbAQLP

exports[`FontSize 快照 1`] = `
<div
  class="FegoEditor-toolbars"
  title="字号"
>
  <div
    class="FegoEditor-select"
  >
    <div
      class="FegoEditor-selectLabel"
    >
      <div>
        16
      </div>
      <svg
        aria-hidden="true"
        class="icon"
        style="vertical-align:top;"
        viewBox="0 0 1024 1024"
      >
        <path
          d="M494 638l256.5-252H242z"
        />
      </svg>
    </div>
  </div>
</div>
`;

exports[`FontSize 快照 1`] = `
<div
  class="FegoEditor-toolbars"
  title="字号"
>
  <div
    class="FegoEditor-select"
  >
    <div
      class="FegoEditor-selectLabel"
    >
      <div>
        16
      </div>
      <svg
        aria-hidden="true"
        class="icon"
        style="vertical-align:top;"
        viewBox="0 0 1024 1024"
      >
        <path
          d="M494 638l256.5-252H242z"
        />
      </svg>
    </div>
  </div>
</div>
`;
